/home/zeyufu/Desktop/ml-reliability-research/asr-gate/omission_score_contrast_2026-08-10/vendor/jieba/_compat.py:18: UserWarning: pkg_resources is deprecated as an API. See https://setuptools.pypa.io/en/latest/pkg_resources.html. The pkg_resources package is slated for removal as early as 2025-11-30. Refrain from using this package or pin to Setuptools<81.
  import pkg_resources
Building prefix dict from the default dictionary ...
Loading model from cache /home/zeyufu/Desktop/ml-reliability-research/asr-gate/omission_score_contrast_2026-08-10/.jieba_cache/jieba.cache
Loading model cost 0.360 seconds.
Prefix dict has been built successfully.
corpus     backbone    score                 a  oracle%  deploy%   flag% o_vac d_vac
------------------------------------------------------------------------------------
aishell    paraformer  s1                 0.05    75.0%    75.0%    0.0%   35%   80%
aishell    paraformer  s1                 0.10   100.0%   100.0%    0.0%   40%   80%
aishell    paraformer  s1                 0.20   100.0%   100.0%    0.0%   40%   80%
aishell    paraformer  hyp_entity_mass    0.05    75.0%   100.0%    2.0%   60%    0%
aishell    paraformer  hyp_entity_mass    0.10   100.0%   100.0%    2.0%  100%    0%
aishell    paraformer  hyp_entity_mass    0.20   100.0%   100.0%    2.0%  100%    0%
aishell    belle       s1                 0.05    60.0%     0.0%    4.1%    0%    0%
aishell    belle       s1                 0.10   100.0%   100.0%    0.0%   65%   65%
aishell    belle       s1                 0.20   100.0%   100.0%    0.0%   65%   65%
aishell    belle       hyp_entity_mass    0.05    45.0%    35.0%   12.9%    0%    0%
aishell    belle       hyp_entity_mass    0.10   100.0%   100.0%    3.4%  100%    0%
aishell    belle       hyp_entity_mass    0.20   100.0%   100.0%    3.4%  100%    0%
aishell    zipformer   s1                 0.05    55.0%     0.0%   11.1%    0%    0%
aishell    zipformer   s1                 0.10    90.0%    90.0%    0.0%   55%   75%
aishell    zipformer   s1                 0.20   100.0%   100.0%    0.0%   60%   75%
aishell    zipformer   hyp_entity_mass    0.05    70.0%    85.0%   16.9%    0%    0%
aishell    zipformer   hyp_entity_mass    0.10    85.0%   100.0%    5.2%   95%    0%
aishell    zipformer   hyp_entity_mass    0.20   100.0%   100.0%    5.2%  100%    0%
magicdata  paraformer  s1                 0.05    50.0%     0.0%    1.4%    0%    0%
magicdata  paraformer  s1                 0.10   100.0%   100.0%    0.0%   60%   60%
magicdata  paraformer  s1                 0.20   100.0%   100.0%    0.0%   60%   60%
magicdata  paraformer  hyp_entity_mass    0.05    75.0%    75.0%   10.1%    0%    0%
magicdata  paraformer  hyp_entity_mass    0.10   100.0%   100.0%    4.3%  100%    0%
magicdata  paraformer  hyp_entity_mass    0.20   100.0%   100.0%    4.3%  100%    0%
magicdata  belle       s1                 0.05    80.0%     0.0%   15.0%    0%    0%
magicdata  belle       s1                 0.10    65.0%     0.0%    0.1%    0%    0%
magicdata  belle       s1                 0.20   100.0%   100.0%    0.1%   50%    0%
magicdata  belle       hyp_entity_mass    0.05   100.0%   100.0%   51.8%    0%    0%
magicdata  belle       hyp_entity_mass    0.10   100.0%   100.0%    9.7%    0%    0%
magicdata  belle       hyp_entity_mass    0.20   100.0%   100.0%    9.7%  100%    0%
magicdata  zipformer   s1                 0.05    60.0%     0.0%    0.1%    0%    0%
magicdata  zipformer   s1                 0.10   100.0%   100.0%    0.1%   80%    0%
magicdata  zipformer   s1                 0.20   100.0%   100.0%    0.1%   80%    0%
magicdata  zipformer   hyp_entity_mass    0.05   100.0%   100.0%    5.2%    0%    0%
magicdata  zipformer   hyp_entity_mass    0.10   100.0%   100.0%    5.1%  100%    0%
magicdata  zipformer   hyp_entity_mass    0.20   100.0%   100.0%    5.1%  100%    0%
thchs30    paraformer  s1                 0.05    80.0%    10.0%   11.8%    0%    0%
thchs30    paraformer  s1                 0.10   100.0%   100.0%    0.0%   65%   65%
thchs30    paraformer  s1                 0.20   100.0%   100.0%    0.0%   65%   65%
thchs30    paraformer  hyp_entity_mass    0.05    70.0%    70.0%   23.4%    0%    0%
thchs30    paraformer  hyp_entity_mass    0.10   100.0%   100.0%    2.1%  100%    0%
thchs30    paraformer  hyp_entity_mass    0.20   100.0%   100.0%    2.1%  100%    0%
thchs30    belle       s1                 0.05    60.0%    20.0%   28.8%    0%    0%
thchs30    belle       s1                 0.10    65.0%     0.0%    1.4%    0%   20%
thchs30    belle       s1                 0.20   100.0%   100.0%    0.1%   50%   50%
thchs30    belle       hyp_entity_mass    0.05    75.0%    75.0%   54.1%    0%    0%
thchs30    belle       hyp_entity_mass    0.10    75.0%    80.0%    6.9%    0%    0%
thchs30    belle       hyp_entity_mass    0.20   100.0%   100.0%    5.3%  100%    0%
thchs30    zipformer   s1                 0.05    50.0%    15.0%    8.2%    0%    0%
thchs30    zipformer   s1                 0.10   100.0%   100.0%    0.0%   55%   55%
thchs30    zipformer   s1                 0.20   100.0%   100.0%    0.0%   55%   55%
thchs30    zipformer   hyp_entity_mass    0.05    75.0%    75.0%   19.1%    0%    0%
thchs30    zipformer   hyp_entity_mass    0.10   100.0%   100.0%    2.7%  100%    0%
thchs30    zipformer   hyp_entity_mass    0.20   100.0%   100.0%    2.7%  100%    0%

wrote /home/zeyufu/Desktop/ml-reliability-research/asr-gate/omission_score_contrast_2026-08-10/results.json  wall=55.2s
summary: all-pairs median Δ=+0.000  both-arms n=13 median Δ=0.6  OR n=27 median Δ=0.0  matches_e4=True
